2025-04-10 16:21:28.134574 - Received SBGOLOB.CBT509.FILE1057 from FILE1057.XMI 
2025-04-10 16:21:28.136507 - Found $$$#DATE.txt (text/plain) in SBGOLOB.CBT509.FILE1057, moved to PDS/$$$#DATE
2025-04-10 16:21:28.136940 - Found #INDEX.txt (text/plain) in SBGOLOB.CBT509.FILE1057, moved to PDS/#INDEX
2025-04-10 16:21:28.137120 - Found @@README.txt (text/plain) in SBGOLOB.CBT509.FILE1057, moved to PDS/@@README
2025-04-10 16:21:28.137255 - Found @FIL1057.txt (text/plain) in SBGOLOB.CBT509.FILE1057, moved to PDS/@FIL1057
2025-04-10 16:21:28.137373 - Found DFLTHLQ.rexx (text/plain) in SBGOLOB.CBT509.FILE1057, moved to PDS/DFLTHLQ
2025-04-10 16:21:28.137598 - Found DFLTTLIB.rexx (text/plain) in SBGOLOB.CBT509.FILE1057, moved to PDS/DFLTTLIB
2025-04-10 16:21:28.137986 - Found HURL.rexx (text/plain) in SBGOLOB.CBT509.FILE1057, moved to PDS/HURL
2025-04-10 16:21:28.138080 - Found ICEUSER.rexx (text/plain) in SBGOLOB.CBT509.FILE1057, moved to PDS/ICEUSER
2025-04-10 16:21:28.138233 - Found LA.rexx (text/plain) in SBGOLOB.CBT509.FILE1057, moved to PDS/LA
2025-04-10 16:21:28.138353 - Found LCLPRTRX.rexx (text/plain) in SBGOLOB.CBT509.FILE1057, moved to PDS/LCLPRTRX
2025-04-10 16:21:28.138610 - Found MEMBERS.rexx (text/plain) in SBGOLOB.CBT509.FILE1057, moved to PDS/MEMBERS
2025-04-10 16:21:28.138790 - Found PDSCOPY.rexx (text/plain) in SBGOLOB.CBT509.FILE1057, moved to PDS/PDSCOPY
2025-04-10 16:21:28.138943 - Found PDSCOPYD.rexx (text/plain) in SBGOLOB.CBT509.FILE1057, moved to PDS/PDSCOPYD
2025-04-10 16:21:28.139147 - Found PRINTDS.rexx (text/plain) in SBGOLOB.CBT509.FILE1057, moved to PDS/PRINTDS
2025-04-10 16:21:28.139232 - Found SHOWDDNM.rexx (text/plain) in SBGOLOB.CBT509.FILE1057, moved to PDS/SHOWDDNM
2025-04-10 16:21:28.139606 - Found SHOWMEM.rexx (text/plain) in SBGOLOB.CBT509.FILE1057, moved to PDS/SHOWMEM
2025-04-10 16:21:28.139693 - Found SHOWPARM.rexx (text/plain) in SBGOLOB.CBT509.FILE1057, moved to PDS/SHOWPARM
2025-04-10 16:21:28.140024 - Found SHOWTASK.rexx (text/plain) in SBGOLOB.CBT509.FILE1057, moved to PDS/SHOWTASK
2025-04-10 16:21:28.140257 - Found SMARCH.rexx (text/plain) in SBGOLOB.CBT509.FILE1057, moved to PDS/SMARCH
2025-04-10 16:21:28.140376 - Found SMENDV.rexx (text/plain) in SBGOLOB.CBT509.FILE1057, moved to PDS/SMENDV
2025-04-10 16:21:28.140455 - Found SMMAP.rexx (text/plain) in SBGOLOB.CBT509.FILE1057, moved to PDS/SMMAP
2025-04-10 16:21:28.140521 - Found SMNDM.rexx (text/plain) in SBGOLOB.CBT509.FILE1057, moved to PDS/SMNDM
2025-04-10 16:21:28.140581 - Found SMPKG.rexx (text/plain) in SBGOLOB.CBT509.FILE1057, moved to PDS/SMPKG
2025-04-10 16:21:28.140668 - Found SMPREF.rexx (text/plain) in SBGOLOB.CBT509.FILE1057, moved to PDS/SMPREF
2025-04-10 16:21:28.140784 - Found SMULOG.rexx (text/plain) in SBGOLOB.CBT509.FILE1057, moved to PDS/SMULOG
2025-04-10 16:21:28.140879 - Found TBLGEN.rexx (text/plain) in SBGOLOB.CBT509.FILE1057, moved to PDS/TBLGEN
2025-04-10 16:21:28.141028 - Found UPOE@$ST.rexx (text/plain) in SBGOLOB.CBT509.FILE1057, moved to PDS/UPOE@$ST
